Config path: "/home/oxythecrack/Desktop/OxyTasks/PushServer/build/config.ini"
===== Parsed config =====
[GateServer]
  host=127.0.0.1
  port=8080
[Log]
  file_path=../logs/
  flush_interval=5
  level=INFO
  max_buffer_size=100
  service_name=PushServer
[MySQL]
  dbName=oxytasks
  host=127.0.0.1
  password=password
  port=3306
  user=root
[Redis]
  host=127.0.0.1
  password=123456
  port=6379
[SelfServer]
  gRPC_port=50056
  host=127.0.0.1
  name=PushServer1
  port=8890
[StatusServer]
  host=127.0.0.1
  port=50052
