Config path: "/home/oxythecrack/Desktop/OxyTasks/StatusServer/build/config.ini"
===== Parsed config =====
[AllocateMethods]
  methods=SegmentTree
[GateServer]
  host=127.0.0.1
  port=8080
[Log]
  file_path=../logs/
  flush_interval=5
  level=INFO
  max_buffer_size=100
  service_name=StatusServer
[Monitor]
  heartbeat_timeout=30
[MySQL]
  dbName=oxytasks
  host=127.0.0.1
  password=password
  port=3306
  user=root
[PushServer1]
  gRPC_port=50056
  host=127.0.0.1
  name=PushServer1
  port=8890
[PushServer2]
  gRPC_port=50057
  host=127.0.0.1
  name=PushServer2
  port=8891
[PushServers]
  name=PushServer1,PushServer2
[Redis]
  host=127.0.0.1
  password=123456
  port=6379
[StatusServer]
  host=127.0.0.1
  port=50052
LOGGER REMOTE FLUSH CALLBACK SET!
